scaffold8824_1_size2758_gene_31576Barcelona,22,R,1.000000 
scaffold8824_1_size2758_gene_31576Barcelona,23,R,1.000000 
 
scaffold8824_1_size2758_gene_31576Barcelona,27,K,1.000000 
scaffold8824_1_size2758_gene_31576Barcelona,33,K,1.000000 
