# 19315 Length: 216
# 19315 Number of predicted TMHs:  0
19315	TMHMM2.0	outside	     1   216
# 19316 Length: 124
# 19316 Number of predicted TMHs:  0
19316	TMHMM2.0	outside	     1   124
# 19317 Length: 510
# 19317 Number of predicted TMHs:  0
19317	TMHMM2.0	outside	     1   510
# 19318 Length: 526
# 19318 Number of predicted TMHs:  2
19318	TMHMM2.0	outside	     1   158
19318	TMHMM2.0	TMhelix	   159   181
19318	TMHMM2.0	inside	   182   264
19318	TMHMM2.0	TMhelix	   265   287
19318	TMHMM2.0	outside	   288   526
# 19319 Length: 1021
# 19319 Number of predicted TMHs:  0
19319	TMHMM2.0	outside	     1  1021
# 19320 Length: 231
# 19320 Number of predicted TMHs:  0
19320	TMHMM2.0	outside	     1   231
# 19321 Length: 981
# 19321 Number of predicted TMHs:  0
19321	TMHMM2.0	outside	     1   981
# 19322 Length: 1358
# 19322 Number of predicted TMHs:  0
19322	TMHMM2.0	outside	     1  1358
# 19323 Length: 2395
# 19323 Number of predicted TMHs:  0
19323	TMHMM2.0	outside	     1  2395
# 19324 Length: 1406
# 19324 Number of predicted TMHs:  0
19324	TMHMM2.0	outside	     1  1406
# 19325 Length: 328
# 19325 Number of predicted TMHs:  0
19325	TMHMM2.0	outside	     1   328
# 19326 Length: 604
# 19326 Number of predicted TMHs:  0
19326	TMHMM2.0	outside	     1   604
# 19327 Length: 308
# 19327 Number of predicted TMHs:  0
19327	TMHMM2.0	outside	     1   308
# 19328 Length: 388
# 19328 Number of predicted TMHs:  0
19328	TMHMM2.0	outside	     1   388
# 19329 Length: 156
# 19329 Number of predicted TMHs:  3
19329	TMHMM2.0	outside	     1    33
19329	TMHMM2.0	TMhelix	    34    56
19329	TMHMM2.0	inside	    57    76
19329	TMHMM2.0	TMhelix	    77    96
19329	TMHMM2.0	outside	    97   110
19329	TMHMM2.0	TMhelix	   111   133
19329	TMHMM2.0	inside	   134   156
# 19330 Length: 987
# 19330 Number of predicted TMHs:  0
19330	TMHMM2.0	outside	     1   987
# 19331 Length: 307
# 19331 Number of predicted TMHs:  8
19331	TMHMM2.0	outside	     1     4
19331	TMHMM2.0	TMhelix	     5    27
19331	TMHMM2.0	inside	    28    39
19331	TMHMM2.0	TMhelix	    40    62
19331	TMHMM2.0	outside	    63   107
19331	TMHMM2.0	TMhelix	   108   127
19331	TMHMM2.0	inside	   128   139
19331	TMHMM2.0	TMhelix	   140   162
19331	TMHMM2.0	outside	   163   171
19331	TMHMM2.0	TMhelix	   172   194
19331	TMHMM2.0	inside	   195   213
19331	TMHMM2.0	TMhelix	   214   236
19331	TMHMM2.0	outside	   237   250
19331	TMHMM2.0	TMhelix	   251   269
19331	TMHMM2.0	inside	   270   275
19331	TMHMM2.0	TMhelix	   276   298
19331	TMHMM2.0	outside	   299   307
# 19332 Length: 1011
# 19332 Number of predicted TMHs:  0
19332	TMHMM2.0	outside	     1  1011
# 19333 Length: 343
# 19333 Number of predicted TMHs:  0
19333	TMHMM2.0	outside	     1   343
# 19334 Length: 665
# 19334 Number of predicted TMHs:  5
19334	TMHMM2.0	outside	     1   165
19334	TMHMM2.0	TMhelix	   166   188
19334	TMHMM2.0	inside	   189   194
19334	TMHMM2.0	TMhelix	   195   217
19334	TMHMM2.0	outside	   218   247
19334	TMHMM2.0	TMhelix	   248   267
19334	TMHMM2.0	inside	   268   487
19334	TMHMM2.0	TMhelix	   488   510
19334	TMHMM2.0	outside	   511   569
19334	TMHMM2.0	TMhelix	   570   592
19334	TMHMM2.0	inside	   593   665
# 19335 Length: 290
# 19335 Number of predicted TMHs:  1
19335	TMHMM2.0	outside	     1   271
19335	TMHMM2.0	TMhelix	   272   289
19335	TMHMM2.0	inside	   290   290
# 19336 Length: 1313
# 19336 Number of predicted TMHs:  0
19336	TMHMM2.0	outside	     1  1313
# 19337 Length: 459
# 19337 Number of predicted TMHs:  1
19337	TMHMM2.0	inside	     1    12
19337	TMHMM2.0	TMhelix	    13    35
19337	TMHMM2.0	outside	    36   459
# 19338 Length: 465
# 19338 Number of predicted TMHs:  1
19338	TMHMM2.0	inside	     1     8
19338	TMHMM2.0	TMhelix	     9    31
19338	TMHMM2.0	outside	    32   465
# 19339 Length: 286
# 19339 Number of predicted TMHs:  0
19339	TMHMM2.0	outside	     1   286
# 19340 Length: 850
# 19340 Number of predicted TMHs:  0
19340	TMHMM2.0	outside	     1   850
# 19341 Length: 207
# 19341 Number of predicted TMHs:  0
19341	TMHMM2.0	outside	     1   207
# 19342 Length: 332
# 19342 Number of predicted TMHs:  1
19342	TMHMM2.0	outside	     1    28
19342	TMHMM2.0	TMhelix	    29    47
19342	TMHMM2.0	inside	    48   332
# 19343 Length: 211
# 19343 Number of predicted TMHs:  0
19343	TMHMM2.0	outside	     1   211
# 19344 Length: 2020
# 19344 Number of predicted TMHs:  0
19344	TMHMM2.0	outside	     1  2020
# 19345 Length: 257
# 19345 Number of predicted TMHs:  0
19345	TMHMM2.0	outside	     1   257
# 19346 Length: 400
# 19346 Number of predicted TMHs:  4
19346	TMHMM2.0	inside	     1     8
19346	TMHMM2.0	TMhelix	     9    31
19346	TMHMM2.0	outside	    32   156
19346	TMHMM2.0	TMhelix	   157   179
19346	TMHMM2.0	inside	   180   185
19346	TMHMM2.0	TMhelix	   186   208
19346	TMHMM2.0	outside	   209   217
19346	TMHMM2.0	TMhelix	   218   240
19346	TMHMM2.0	inside	   241   400
# 19347 Length: 436
# 19347 Number of predicted TMHs:  0
19347	TMHMM2.0	outside	     1   436
# 19348 Length: 480
# 19348 Number of predicted TMHs:  0
19348	TMHMM2.0	outside	     1   480
# 19349 Length: 219
# 19349 Number of predicted TMHs:  0
19349	TMHMM2.0	outside	     1   219
# 19350 Length: 348
# 19350 Number of predicted TMHs:  0
19350	TMHMM2.0	outside	     1   348
# 19351 Length: 314
# 19351 Number of predicted TMHs:  0
19351	TMHMM2.0	outside	     1   314
# 19352 Length: 437
# 19352 Number of predicted TMHs:  0
19352	TMHMM2.0	outside	     1   437
# 19353 Length: 248
# 19353 Number of predicted TMHs:  0
19353	TMHMM2.0	outside	     1   248
# 19354 Length: 653
# 19354 Number of predicted TMHs:  0
19354	TMHMM2.0	outside	     1   653
# 19355 Length: 276
# 19355 Number of predicted TMHs:  0
19355	TMHMM2.0	outside	     1   276
# 19356 Length: 288
# 19356 Number of predicted TMHs:  0
19356	TMHMM2.0	outside	     1   288
# 19357 Length: 321
# 19357 Number of predicted TMHs:  0
19357	TMHMM2.0	outside	     1   321
# 19358 Length: 381
# 19358 Number of predicted TMHs:  0
19358	TMHMM2.0	outside	     1   381
# 19359 Length: 280
# 19359 Number of predicted TMHs:  1
19359	TMHMM2.0	outside	     1   155
19359	TMHMM2.0	TMhelix	   156   178
19359	TMHMM2.0	inside	   179   280
# 19360 Length: 581
# 19360 Number of predicted TMHs:  0
19360	TMHMM2.0	outside	     1   581
# 19361 Length: 697
# 19361 Number of predicted TMHs:  0
19361	TMHMM2.0	outside	     1   697
# 19362 Length: 213
# 19362 Number of predicted TMHs:  0
19362	TMHMM2.0	outside	     1   213
# 19363 Length: 964
# 19363 Number of predicted TMHs:  0
19363	TMHMM2.0	outside	     1   964
# 19364 Length: 1406
# 19364 Number of predicted TMHs:  2
19364	TMHMM2.0	outside	     1   496
19364	TMHMM2.0	TMhelix	   497   519
19364	TMHMM2.0	inside	   520   525
19364	TMHMM2.0	TMhelix	   526   548
19364	TMHMM2.0	outside	   549  1406
# 19365 Length: 298
# 19365 Number of predicted TMHs:  0
19365	TMHMM2.0	outside	     1   298
# 19366 Length: 274
# 19366 Number of predicted TMHs:  4
19366	TMHMM2.0	inside	     1    19
19366	TMHMM2.0	TMhelix	    20    42
19366	TMHMM2.0	outside	    43    51
19366	TMHMM2.0	TMhelix	    52    74
19366	TMHMM2.0	inside	    75   114
19366	TMHMM2.0	TMhelix	   115   137
19366	TMHMM2.0	outside	   138   158
19366	TMHMM2.0	TMhelix	   159   181
19366	TMHMM2.0	inside	   182   274
# 19367 Length: 136
# 19367 Number of predicted TMHs:  1
19367	TMHMM2.0	outside	     1    85
19367	TMHMM2.0	TMhelix	    86   108
19367	TMHMM2.0	inside	   109   136
# 19368 Length: 1751
# 19368 Number of predicted TMHs:  0
19368	TMHMM2.0	outside	     1  1751
# 19369 Length: 1581
# 19369 Number of predicted TMHs:  0
19369	TMHMM2.0	outside	     1  1581
# 19370 Length: 251
# 19370 Number of predicted TMHs:  0
19370	TMHMM2.0	outside	     1   251
# 19371 Length: 278
# 19371 Number of predicted TMHs:  0
19371	TMHMM2.0	outside	     1   278
# 19372 Length: 529
# 19372 Number of predicted TMHs:  0
19372	TMHMM2.0	outside	     1   529
# 19373 Length: 469
# 19373 Number of predicted TMHs:  0
19373	TMHMM2.0	outside	     1   469
# 19374 Length: 394
# 19374 Number of predicted TMHs:  0
19374	TMHMM2.0	outside	     1   394
# 19375 Length: 400
# 19375 Number of predicted TMHs:  0
19375	TMHMM2.0	outside	     1   400
# 19376 Length: 1226
# 19376 Number of predicted TMHs:  23
19376	TMHMM2.0	inside	     1   248
19376	TMHMM2.0	TMhelix	   249   271
19376	TMHMM2.0	outside	   272   285
19376	TMHMM2.0	TMhelix	   286   308
19376	TMHMM2.0	inside	   309   320
19376	TMHMM2.0	TMhelix	   321   338
19376	TMHMM2.0	outside	   339   341
19376	TMHMM2.0	TMhelix	   342   359
19376	TMHMM2.0	inside	   360   365
19376	TMHMM2.0	TMhelix	   366   388
19376	TMHMM2.0	outside	   389   397
19376	TMHMM2.0	TMhelix	   398   420
19376	TMHMM2.0	inside	   421   471
19376	TMHMM2.0	TMhelix	   472   494
19376	TMHMM2.0	outside	   495   523
19376	TMHMM2.0	TMhelix	   524   543
19376	TMHMM2.0	inside	   544   572
19376	TMHMM2.0	TMhelix	   573   590
19376	TMHMM2.0	outside	   591   594
19376	TMHMM2.0	TMhelix	   595   617
19376	TMHMM2.0	inside	   618   629
19376	TMHMM2.0	TMhelix	   630   652
19376	TMHMM2.0	outside	   653   656
19376	TMHMM2.0	TMhelix	   657   676
19376	TMHMM2.0	inside	   677   722
19376	TMHMM2.0	TMhelix	   723   745
19376	TMHMM2.0	outside	   746   754
19376	TMHMM2.0	TMhelix	   755   777
19376	TMHMM2.0	inside	   778   789
19376	TMHMM2.0	TMhelix	   790   812
19376	TMHMM2.0	outside	   813   815
19376	TMHMM2.0	TMhelix	   816   833
19376	TMHMM2.0	inside	   834   839
19376	TMHMM2.0	TMhelix	   840   862
19376	TMHMM2.0	outside	   863   871
19376	TMHMM2.0	TMhelix	   872   894
19376	TMHMM2.0	inside	   895   948
19376	TMHMM2.0	TMhelix	   949   971
19376	TMHMM2.0	outside	   972   990
19376	TMHMM2.0	TMhelix	   991  1013
19376	TMHMM2.0	inside	  1014  1047
19376	TMHMM2.0	TMhelix	  1048  1065
19376	TMHMM2.0	outside	  1066  1069
19376	TMHMM2.0	TMhelix	  1070  1092
19376	TMHMM2.0	inside	  1093  1104
19376	TMHMM2.0	TMhelix	  1105  1127
19376	TMHMM2.0	outside	  1128  1226
# 19377 Length: 232
# 19377 Number of predicted TMHs:  0
19377	TMHMM2.0	outside	     1   232
# 19378 Length: 416
# 19378 Number of predicted TMHs:  0
19378	TMHMM2.0	outside	     1   416
# 19379 Length: 186
# 19379 Number of predicted TMHs:  0
19379	TMHMM2.0	outside	     1   186
# 19380 Length: 406
# 19380 Number of predicted TMHs:  3
19380	TMHMM2.0	outside	     1    73
19380	TMHMM2.0	TMhelix	    74    96
19380	TMHMM2.0	inside	    97   155
19380	TMHMM2.0	TMhelix	   156   178
19380	TMHMM2.0	outside	   179   247
19380	TMHMM2.0	TMhelix	   248   270
19380	TMHMM2.0	inside	   271   406
# 19381 Length: 1638
# 19381 Number of predicted TMHs:  0
19381	TMHMM2.0	outside	     1  1638
# 19382 Length: 333
# 19382 Number of predicted TMHs:  1
19382	TMHMM2.0	outside	     1   292
19382	TMHMM2.0	TMhelix	   293   315
19382	TMHMM2.0	inside	   316   333
# 19383 Length: 348
# 19383 Number of predicted TMHs:  0
19383	TMHMM2.0	outside	     1   348
# 19384 Length: 264
# 19384 Number of predicted TMHs:  1
19384	TMHMM2.0	inside	     1   100
19384	TMHMM2.0	TMhelix	   101   120
19384	TMHMM2.0	outside	   121   264
# 19385 Length: 2720
# 19385 Number of predicted TMHs:  13
19385	TMHMM2.0	inside	     1    19
19385	TMHMM2.0	TMhelix	    20    42
19385	TMHMM2.0	outside	    43  1181
19385	TMHMM2.0	TMhelix	  1182  1199
19385	TMHMM2.0	inside	  1200  1219
19385	TMHMM2.0	TMhelix	  1220  1242
19385	TMHMM2.0	outside	  1243  1264
19385	TMHMM2.0	TMhelix	  1265  1287
19385	TMHMM2.0	inside	  1288  1307
19385	TMHMM2.0	TMhelix	  1308  1327
19385	TMHMM2.0	outside	  1328  1906
19385	TMHMM2.0	TMhelix	  1907  1929
19385	TMHMM2.0	inside	  1930  1940
19385	TMHMM2.0	TMhelix	  1941  1963
19385	TMHMM2.0	outside	  1964  1986
19385	TMHMM2.0	TMhelix	  1987  2009
19385	TMHMM2.0	inside	  2010  2029
19385	TMHMM2.0	TMhelix	  2030  2052
19385	TMHMM2.0	outside	  2053  2156
19385	TMHMM2.0	TMhelix	  2157  2179
19385	TMHMM2.0	inside	  2180  2219
19385	TMHMM2.0	TMhelix	  2220  2242
19385	TMHMM2.0	outside	  2243  2251
19385	TMHMM2.0	TMhelix	  2252  2271
19385	TMHMM2.0	inside	  2272  2320
19385	TMHMM2.0	TMhelix	  2321  2343
19385	TMHMM2.0	outside	  2344  2720
# 19386 Length: 300
# 19386 Number of predicted TMHs:  0
19386	TMHMM2.0	outside	     1   300
# 19387 Length: 1435
# 19387 Number of predicted TMHs:  5
19387	TMHMM2.0	inside	     1   111
19387	TMHMM2.0	TMhelix	   112   134
19387	TMHMM2.0	outside	   135   253
19387	TMHMM2.0	TMhelix	   254   276
19387	TMHMM2.0	inside	   277   419
19387	TMHMM2.0	TMhelix	   420   442
19387	TMHMM2.0	outside	   443   502
19387	TMHMM2.0	TMhelix	   503   525
19387	TMHMM2.0	inside	   526   531
19387	TMHMM2.0	TMhelix	   532   551
19387	TMHMM2.0	outside	   552  1435
# 19388 Length: 315
# 19388 Number of predicted TMHs:  4
19388	TMHMM2.0	inside	     1    20
19388	TMHMM2.0	TMhelix	    21    43
19388	TMHMM2.0	outside	    44    69
19388	TMHMM2.0	TMhelix	    70    92
19388	TMHMM2.0	inside	    93    98
19388	TMHMM2.0	TMhelix	    99   121
19388	TMHMM2.0	outside	   122   291
19388	TMHMM2.0	TMhelix	   292   314
19388	TMHMM2.0	inside	   315   315
# 19389 Length: 272
# 19389 Number of predicted TMHs:  0
19389	TMHMM2.0	outside	     1   272
# 19390 Length: 333
# 19390 Number of predicted TMHs:  0
19390	TMHMM2.0	outside	     1   333
# 19391 Length: 649
# 19391 Number of predicted TMHs:  0
19391	TMHMM2.0	outside	     1   649
# 19392 Length: 487
# 19392 Number of predicted TMHs:  0
19392	TMHMM2.0	outside	     1   487
# 19393 Length: 396
# 19393 Number of predicted TMHs:  0
19393	TMHMM2.0	outside	     1   396
# 19394 Length: 424
# 19394 Number of predicted TMHs:  1
19394	TMHMM2.0	outside	     1   395
19394	TMHMM2.0	TMhelix	   396   418
19394	TMHMM2.0	inside	   419   424
# 19395 Length: 178
# 19395 Number of predicted TMHs:  0
19395	TMHMM2.0	outside	     1   178
# 19396 Length: 857
# 19396 Number of predicted TMHs:  0
19396	TMHMM2.0	outside	     1   857
# 19397 Length: 579
# 19397 Number of predicted TMHs:  0
19397	TMHMM2.0	outside	     1   579
# 19398 Length: 476
# 19398 Number of predicted TMHs:  7
19398	TMHMM2.0	inside	     1    20
19398	TMHMM2.0	TMhelix	    21    43
19398	TMHMM2.0	outside	    44    89
19398	TMHMM2.0	TMhelix	    90   112
19398	TMHMM2.0	inside	   113   118
19398	TMHMM2.0	TMhelix	   119   141
19398	TMHMM2.0	outside	   142   144
19398	TMHMM2.0	TMhelix	   145   167
19398	TMHMM2.0	inside	   168   204
19398	TMHMM2.0	TMhelix	   205   224
19398	TMHMM2.0	outside	   225   282
19398	TMHMM2.0	TMhelix	   283   305
19398	TMHMM2.0	inside	   306   412
19398	TMHMM2.0	TMhelix	   413   432
19398	TMHMM2.0	outside	   433   476
# 19399 Length: 1010
# 19399 Number of predicted TMHs:  5
19399	TMHMM2.0	inside	     1    20
19399	TMHMM2.0	TMhelix	    21    40
19399	TMHMM2.0	outside	    41   801
19399	TMHMM2.0	TMhelix	   802   819
19399	TMHMM2.0	inside	   820   825
19399	TMHMM2.0	TMhelix	   826   843
19399	TMHMM2.0	outside	   844   852
19399	TMHMM2.0	TMhelix	   853   872
19399	TMHMM2.0	inside	   873   884
19399	TMHMM2.0	TMhelix	   885   907
19399	TMHMM2.0	outside	   908  1010
# 19400 Length: 303
# 19400 Number of predicted TMHs:  1
19400	TMHMM2.0	inside	     1    75
19400	TMHMM2.0	TMhelix	    76    98
19400	TMHMM2.0	outside	    99   303
# 19401 Length: 887
# 19401 Number of predicted TMHs:  0
19401	TMHMM2.0	outside	     1   887
# 19402 Length: 270
# 19402 Number of predicted TMHs:  1
19402	TMHMM2.0	inside	     1    19
19402	TMHMM2.0	TMhelix	    20    39
19402	TMHMM2.0	outside	    40   270
# 19403 Length: 256
# 19403 Number of predicted TMHs:  0
19403	TMHMM2.0	outside	     1   256
# 19404 Length: 244
# 19404 Number of predicted TMHs:  0
19404	TMHMM2.0	outside	     1   244
# 19405 Length: 787
# 19405 Number of predicted TMHs:  8
19405	TMHMM2.0	inside	     1    43
19405	TMHMM2.0	TMhelix	    44    66
19405	TMHMM2.0	outside	    67    88
19405	TMHMM2.0	TMhelix	    89   111
19405	TMHMM2.0	inside	   112   117
19405	TMHMM2.0	TMhelix	   118   140
19405	TMHMM2.0	outside	   141   511
19405	TMHMM2.0	TMhelix	   512   531
19405	TMHMM2.0	inside	   532   551
19405	TMHMM2.0	TMhelix	   552   574
19405	TMHMM2.0	outside	   575   597
19405	TMHMM2.0	TMhelix	   598   620
19405	TMHMM2.0	inside	   621   626
19405	TMHMM2.0	TMhelix	   627   649
19405	TMHMM2.0	outside	   650   681
19405	TMHMM2.0	TMhelix	   682   704
19405	TMHMM2.0	inside	   705   787
# 19406 Length: 391
# 19406 Number of predicted TMHs:  0
19406	TMHMM2.0	outside	     1   391
# 19407 Length: 224
# 19407 Number of predicted TMHs:  0
19407	TMHMM2.0	outside	     1   224
# 19408 Length: 237
# 19408 Number of predicted TMHs:  0
19408	TMHMM2.0	outside	     1   237
# 19409 Length: 257
# 19409 Number of predicted TMHs:  0
19409	TMHMM2.0	outside	     1   257
# 19410 Length: 182
# 19410 Number of predicted TMHs:  0
19410	TMHMM2.0	outside	     1   182
# 19411 Length: 1266
# 19411 Number of predicted TMHs:  0
19411	TMHMM2.0	outside	     1  1266
# 19412 Length: 526
# 19412 Number of predicted TMHs:  0
19412	TMHMM2.0	outside	     1   526
# 19413 Length: 335
# 19413 Number of predicted TMHs:  0
19413	TMHMM2.0	outside	     1   335
# 19414 Length: 1269
# 19414 Number of predicted TMHs:  0
19414	TMHMM2.0	outside	     1  1269
# 19415 Length: 408
# 19415 Number of predicted TMHs:  3
19415	TMHMM2.0	inside	     1    12
19415	TMHMM2.0	TMhelix	    13    35
19415	TMHMM2.0	outside	    36    49
19415	TMHMM2.0	TMhelix	    50    72
19415	TMHMM2.0	inside	    73   106
19415	TMHMM2.0	TMhelix	   107   129
19415	TMHMM2.0	outside	   130   408
# 19416 Length: 603
# 19416 Number of predicted TMHs:  0
19416	TMHMM2.0	outside	     1   603
# 19417 Length: 538
# 19417 Number of predicted TMHs:  5
19417	TMHMM2.0	inside	     1    65
19417	TMHMM2.0	TMhelix	    66    83
19417	TMHMM2.0	outside	    84    97
19417	TMHMM2.0	TMhelix	    98   120
19417	TMHMM2.0	inside	   121   223
19417	TMHMM2.0	TMhelix	   224   246
19417	TMHMM2.0	outside	   247   287
19417	TMHMM2.0	TMhelix	   288   310
19417	TMHMM2.0	inside	   311   477
19417	TMHMM2.0	TMhelix	   478   500
19417	TMHMM2.0	outside	   501   538
# 19418 Length: 2171
# 19418 Number of predicted TMHs:  2
19418	TMHMM2.0	outside	     1  1288
19418	TMHMM2.0	TMhelix	  1289  1311
19418	TMHMM2.0	inside	  1312  1691
19418	TMHMM2.0	TMhelix	  1692  1714
19418	TMHMM2.0	outside	  1715  2171
# 19419 Length: 440
# 19419 Number of predicted TMHs:  0
19419	TMHMM2.0	outside	     1   440
# 19420 Length: 714
# 19420 Number of predicted TMHs:  0
19420	TMHMM2.0	outside	     1   714
# 19421 Length: 314
# 19421 Number of predicted TMHs:  0
19421	TMHMM2.0	outside	     1   314
# 19422 Length: 304
# 19422 Number of predicted TMHs:  0
19422	TMHMM2.0	outside	     1   304
# 19423 Length: 356
# 19423 Number of predicted TMHs:  0
19423	TMHMM2.0	outside	     1   356
# 19424 Length: 310
# 19424 Number of predicted TMHs:  0
19424	TMHMM2.0	outside	     1   310
# 19425 Length: 1899
# 19425 Number of predicted TMHs:  10
19425	TMHMM2.0	outside	     1   286
19425	TMHMM2.0	TMhelix	   287   309
19425	TMHMM2.0	inside	   310   389
19425	TMHMM2.0	TMhelix	   390   407
19425	TMHMM2.0	outside	   408   426
19425	TMHMM2.0	TMhelix	   427   449
19425	TMHMM2.0	inside	   450   461
19425	TMHMM2.0	TMhelix	   462   484
19425	TMHMM2.0	outside	   485   493
19425	TMHMM2.0	TMhelix	   494   516
19425	TMHMM2.0	inside	   517   522
19425	TMHMM2.0	TMhelix	   523   540
19425	TMHMM2.0	outside	   541   543
19425	TMHMM2.0	TMhelix	   544   566
19425	TMHMM2.0	inside	   567   586
19425	TMHMM2.0	TMhelix	   587   609
19425	TMHMM2.0	outside	   610   885
19425	TMHMM2.0	TMhelix	   886   908
19425	TMHMM2.0	inside	   909   928
19425	TMHMM2.0	TMhelix	   929   951
19425	TMHMM2.0	outside	   952  1899
# 19426 Length: 152
# 19426 Number of predicted TMHs:  0
19426	TMHMM2.0	outside	     1   152
# 19427 Length: 438
# 19427 Number of predicted TMHs:  0
19427	TMHMM2.0	outside	     1   438
# 19428 Length: 181
# 19428 Number of predicted TMHs:  0
19428	TMHMM2.0	outside	     1   181
# 19429 Length: 524
# 19429 Number of predicted TMHs:  0
19429	TMHMM2.0	outside	     1   524
# 19430 Length: 166
# 19430 Number of predicted TMHs:  0
19430	TMHMM2.0	outside	     1   166
# 19431 Length: 203
# 19431 Number of predicted TMHs:  3
19431	TMHMM2.0	inside	     1     6
19431	TMHMM2.0	TMhelix	     7    29
19431	TMHMM2.0	outside	    30    53
19431	TMHMM2.0	TMhelix	    54    76
19431	TMHMM2.0	inside	    77   180
19431	TMHMM2.0	TMhelix	   181   200
19431	TMHMM2.0	outside	   201   203
# 19432 Length: 769
# 19432 Number of predicted TMHs:  1
19432	TMHMM2.0	outside	     1   627
19432	TMHMM2.0	TMhelix	   628   650
19432	TMHMM2.0	inside	   651   769
# 19433 Length: 132
# 19433 Number of predicted TMHs:  2
19433	TMHMM2.0	inside	     1    12
19433	TMHMM2.0	TMhelix	    13    35
19433	TMHMM2.0	outside	    36    49
19433	TMHMM2.0	TMhelix	    50    72
19433	TMHMM2.0	inside	    73   132
# 19434 Length: 194
# 19434 Number of predicted TMHs:  0
19434	TMHMM2.0	outside	     1   194
# 19435 Length: 363
# 19435 Number of predicted TMHs:  0
19435	TMHMM2.0	outside	     1   363
# 19436 Length: 214
# 19436 Number of predicted TMHs:  0
19436	TMHMM2.0	outside	     1   214
# 19437 Length: 608
# 19437 Number of predicted TMHs:  0
19437	TMHMM2.0	outside	     1   608
# 19438 Length: 293
# 19438 Number of predicted TMHs:  0
19438	TMHMM2.0	outside	     1   293
# 19439 Length: 463
# 19439 Number of predicted TMHs:  0
19439	TMHMM2.0	outside	     1   463
# 19440 Length: 286
# 19440 Number of predicted TMHs:  0
19440	TMHMM2.0	outside	     1   286
# 19441 Length: 125
# 19441 Number of predicted TMHs:  0
19441	TMHMM2.0	outside	     1   125
# 19442 Length: 423
# 19442 Number of predicted TMHs:  0
19442	TMHMM2.0	outside	     1   423
# 19443 Length: 913
# 19443 Number of predicted TMHs:  0
19443	TMHMM2.0	outside	     1   913
# 19444 Length: 155
# 19444 Number of predicted TMHs:  1
19444	TMHMM2.0	inside	     1    72
19444	TMHMM2.0	TMhelix	    73    95
19444	TMHMM2.0	outside	    96   155
# 19445 Length: 445
# 19445 Number of predicted TMHs:  0
19445	TMHMM2.0	outside	     1   445
# 19446 Length: 443
# 19446 Number of predicted TMHs:  2
19446	TMHMM2.0	outside	     1   328
19446	TMHMM2.0	TMhelix	   329   351
19446	TMHMM2.0	inside	   352   413
19446	TMHMM2.0	TMhelix	   414   436
19446	TMHMM2.0	outside	   437   443
# 19447 Length: 207
# 19447 Number of predicted TMHs:  0
19447	TMHMM2.0	outside	     1   207
# 19448 Length: 219
# 19448 Number of predicted TMHs:  0
19448	TMHMM2.0	outside	     1   219
# 19449 Length: 436
# 19449 Number of predicted TMHs:  0
19449	TMHMM2.0	outside	     1   436
# 19450 Length: 373
# 19450 Number of predicted TMHs:  0
19450	TMHMM2.0	outside	     1   373
# 19451 Length: 416
# 19451 Number of predicted TMHs:  1
19451	TMHMM2.0	inside	     1     6
19451	TMHMM2.0	TMhelix	     7    29
19451	TMHMM2.0	outside	    30   416
# 19452 Length: 717
# 19452 Number of predicted TMHs:  0
19452	TMHMM2.0	outside	     1   717
# 19453 Length: 646
# 19453 Number of predicted TMHs:  0
19453	TMHMM2.0	outside	     1   646
# 19454 Length: 334
# 19454 Number of predicted TMHs:  0
19454	TMHMM2.0	outside	     1   334
# 19455 Length: 255
# 19455 Number of predicted TMHs:  1
19455	TMHMM2.0	inside	     1     8
19455	TMHMM2.0	TMhelix	     9    31
19455	TMHMM2.0	outside	    32   255
# 19456 Length: 186
# 19456 Number of predicted TMHs:  0
19456	TMHMM2.0	outside	     1   186
# 19457 Length: 342
# 19457 Number of predicted TMHs:  0
19457	TMHMM2.0	outside	     1   342
# 19458 Length: 559
# 19458 Number of predicted TMHs:  0
19458	TMHMM2.0	outside	     1   559
# 19459 Length: 217
# 19459 Number of predicted TMHs:  1
19459	TMHMM2.0	outside	     1   186
19459	TMHMM2.0	TMhelix	   187   209
19459	TMHMM2.0	inside	   210   217
# 19460 Length: 360
# 19460 Number of predicted TMHs:  0
19460	TMHMM2.0	outside	     1   360
# 19461 Length: 3712
# 19461 Number of predicted TMHs:  0
19461	TMHMM2.0	outside	     1  3712
# 19462 Length: 581
# 19462 Number of predicted TMHs:  0
19462	TMHMM2.0	outside	     1   581
# 19463 Length: 267
# 19463 Number of predicted TMHs:  0
19463	TMHMM2.0	outside	     1   267
# 19464 Length: 385
# 19464 Number of predicted TMHs:  3
19464	TMHMM2.0	outside	     1    38
19464	TMHMM2.0	TMhelix	    39    61
19464	TMHMM2.0	inside	    62    73
19464	TMHMM2.0	TMhelix	    74    96
19464	TMHMM2.0	outside	    97   110
19464	TMHMM2.0	TMhelix	   111   133
19464	TMHMM2.0	inside	   134   385
# 19465 Length: 283
# 19465 Number of predicted TMHs:  0
19465	TMHMM2.0	outside	     1   283
# 19466 Length: 428
# 19466 Number of predicted TMHs:  0
19466	TMHMM2.0	outside	     1   428
# 19467 Length: 173
# 19467 Number of predicted TMHs:  0
19467	TMHMM2.0	outside	     1   173
# 19468 Length: 685
# 19468 Number of predicted TMHs:  2
19468	TMHMM2.0	outside	     1    14
19468	TMHMM2.0	TMhelix	    15    37
19468	TMHMM2.0	inside	    38    57
19468	TMHMM2.0	TMhelix	    58    80
19468	TMHMM2.0	outside	    81   685
# 19469 Length: 521
# 19469 Number of predicted TMHs:  3
19469	TMHMM2.0	inside	     1    42
19469	TMHMM2.0	TMhelix	    43    65
19469	TMHMM2.0	outside	    66    74
19469	TMHMM2.0	TMhelix	    75    97
19469	TMHMM2.0	inside	    98   159
19469	TMHMM2.0	TMhelix	   160   182
19469	TMHMM2.0	outside	   183   521
# 19470 Length: 258
# 19470 Number of predicted TMHs:  0
19470	TMHMM2.0	outside	     1   258
# 19471 Length: 2919
# 19471 Number of predicted TMHs:  0
19471	TMHMM2.0	outside	     1  2919
# 19472 Length: 535
# 19472 Number of predicted TMHs:  7
19472	TMHMM2.0	outside	     1     9
19472	TMHMM2.0	TMhelix	    10    32
19472	TMHMM2.0	inside	    33    52
19472	TMHMM2.0	TMhelix	    53    75
19472	TMHMM2.0	outside	    76    89
19472	TMHMM2.0	TMhelix	    90   112
19472	TMHMM2.0	inside	   113   124
19472	TMHMM2.0	TMhelix	   125   147
19472	TMHMM2.0	outside	   148   166
19472	TMHMM2.0	TMhelix	   167   189
19472	TMHMM2.0	inside	   190   266
19472	TMHMM2.0	TMhelix	   267   289
19472	TMHMM2.0	outside	   290   373
19472	TMHMM2.0	TMhelix	   374   396
19472	TMHMM2.0	inside	   397   535
# 19473 Length: 133
# 19473 Number of predicted TMHs:  0
19473	TMHMM2.0	outside	     1   133
# 19474 Length: 715
# 19474 Number of predicted TMHs:  0
19474	TMHMM2.0	outside	     1   715
# 19475 Length: 262
# 19475 Number of predicted TMHs:  0
19475	TMHMM2.0	outside	     1   262
# 19476 Length: 491
# 19476 Number of predicted TMHs:  3
19476	TMHMM2.0	outside	     1   196
19476	TMHMM2.0	TMhelix	   197   219
19476	TMHMM2.0	inside	   220   288
19476	TMHMM2.0	TMhelix	   289   311
19476	TMHMM2.0	outside	   312   344
19476	TMHMM2.0	TMhelix	   345   367
19476	TMHMM2.0	inside	   368   491
# 19477 Length: 445
# 19477 Number of predicted TMHs:  1
19477	TMHMM2.0	inside	     1     6
19477	TMHMM2.0	TMhelix	     7    24
19477	TMHMM2.0	outside	    25   445
# 19478 Length: 1183
# 19478 Number of predicted TMHs:  0
19478	TMHMM2.0	outside	     1  1183
# 19479 Length: 1521
# 19479 Number of predicted TMHs:  16
19479	TMHMM2.0	outside	     1   640
19479	TMHMM2.0	TMhelix	   641   660
19479	TMHMM2.0	inside	   661   679
19479	TMHMM2.0	TMhelix	   680   702
19479	TMHMM2.0	outside	   703   724
19479	TMHMM2.0	TMhelix	   725   747
19479	TMHMM2.0	inside	   748   771
19479	TMHMM2.0	TMhelix	   772   794
19479	TMHMM2.0	outside	   795   893
19479	TMHMM2.0	TMhelix	   894   916
19479	TMHMM2.0	inside	   917   935
19479	TMHMM2.0	TMhelix	   936   958
19479	TMHMM2.0	outside	   959   967
19479	TMHMM2.0	TMhelix	   968   990
19479	TMHMM2.0	inside	   991  1052
19479	TMHMM2.0	TMhelix	  1053  1075
19479	TMHMM2.0	outside	  1076  1078
19479	TMHMM2.0	TMhelix	  1079  1101
19479	TMHMM2.0	inside	  1102  1121
19479	TMHMM2.0	TMhelix	  1122  1144
19479	TMHMM2.0	outside	  1145  1158
19479	TMHMM2.0	TMhelix	  1159  1175
19479	TMHMM2.0	inside	  1176  1211
19479	TMHMM2.0	TMhelix	  1212  1234
19479	TMHMM2.0	outside	  1235  1298
19479	TMHMM2.0	TMhelix	  1299  1321
19479	TMHMM2.0	inside	  1322  1337
19479	TMHMM2.0	TMhelix	  1338  1360
19479	TMHMM2.0	outside	  1361  1374
19479	TMHMM2.0	TMhelix	  1375  1397
19479	TMHMM2.0	inside	  1398  1465
19479	TMHMM2.0	TMhelix	  1466  1488
19479	TMHMM2.0	outside	  1489  1521
# 19480 Length: 144
# 19480 Number of predicted TMHs:  0
19480	TMHMM2.0	outside	     1   144
# 19481 Length: 292
# 19481 Number of predicted TMHs:  0
19481	TMHMM2.0	outside	     1   292
# 19482 Length: 171
# 19482 Number of predicted TMHs:  2
19482	TMHMM2.0	inside	     1    26
19482	TMHMM2.0	TMhelix	    27    49
19482	TMHMM2.0	outside	    50    58
19482	TMHMM2.0	TMhelix	    59    81
19482	TMHMM2.0	inside	    82   171
# 19483 Length: 342
# 19483 Number of predicted TMHs:  0
19483	TMHMM2.0	outside	     1   342
# 19484 Length: 705
# 19484 Number of predicted TMHs:  0
19484	TMHMM2.0	outside	     1   705
# 19485 Length: 748
# 19485 Number of predicted TMHs:  1
19485	TMHMM2.0	outside	     1   616
19485	TMHMM2.0	TMhelix	   617   639
19485	TMHMM2.0	inside	   640   748
# 19486 Length: 145
# 19486 Number of predicted TMHs:  0
19486	TMHMM2.0	outside	     1   145
# 19487 Length: 1114
# 19487 Number of predicted TMHs:  0
19487	TMHMM2.0	outside	     1  1114
# 19488 Length: 269
# 19488 Number of predicted TMHs:  0
19488	TMHMM2.0	outside	     1   269
# 19489 Length: 251
# 19489 Number of predicted TMHs:  0
19489	TMHMM2.0	outside	     1   251
# 19490 Length: 295
# 19490 Number of predicted TMHs:  0
19490	TMHMM2.0	outside	     1   295
# 19491 Length: 1266
# 19491 Number of predicted TMHs:  0
19491	TMHMM2.0	outside	     1  1266
# 19492 Length: 171
# 19492 Number of predicted TMHs:  0
19492	TMHMM2.0	outside	     1   171
# 19493 Length: 561
# 19493 Number of predicted TMHs:  0
19493	TMHMM2.0	outside	     1   561
# 19494 Length: 922
# 19494 Number of predicted TMHs:  1
19494	TMHMM2.0	inside	     1    19
19494	TMHMM2.0	TMhelix	    20    42
19494	TMHMM2.0	outside	    43   922
# 19495 Length: 140
# 19495 Number of predicted TMHs:  0
19495	TMHMM2.0	outside	     1   140
# 19496 Length: 264
# 19496 Number of predicted TMHs:  1
19496	TMHMM2.0	outside	     1   216
19496	TMHMM2.0	TMhelix	   217   236
19496	TMHMM2.0	inside	   237   264
# 19497 Length: 181
# 19497 Number of predicted TMHs:  0
19497	TMHMM2.0	inside	     1   181
# 19498 Length: 246
# 19498 Number of predicted TMHs:  0
19498	TMHMM2.0	outside	     1   246
# 19499 Length: 412
# 19499 Number of predicted TMHs:  0
19499	TMHMM2.0	outside	     1   412
# 19500 Length: 975
# 19500 Number of predicted TMHs:  0
19500	TMHMM2.0	outside	     1   975
# 19501 Length: 442
# 19501 Number of predicted TMHs:  6
19501	TMHMM2.0	inside	     1     6
19501	TMHMM2.0	TMhelix	     7    29
19501	TMHMM2.0	outside	    30    71
19501	TMHMM2.0	TMhelix	    72    94
19501	TMHMM2.0	inside	    95   114
19501	TMHMM2.0	TMhelix	   115   137
19501	TMHMM2.0	outside	   138   156
19501	TMHMM2.0	TMhelix	   157   179
19501	TMHMM2.0	inside	   180   258
19501	TMHMM2.0	TMhelix	   259   281
19501	TMHMM2.0	outside	   282   295
19501	TMHMM2.0	TMhelix	   296   318
19501	TMHMM2.0	inside	   319   442
# 19502 Length: 733
# 19502 Number of predicted TMHs:  0
19502	TMHMM2.0	outside	     1   733
# 19503 Length: 171
# 19503 Number of predicted TMHs:  0
19503	TMHMM2.0	outside	     1   171
# 19504 Length: 130
# 19504 Number of predicted TMHs:  2
19504	TMHMM2.0	inside	     1    12
19504	TMHMM2.0	TMhelix	    13    35
19504	TMHMM2.0	outside	    36    79
19504	TMHMM2.0	TMhelix	    80    97
19504	TMHMM2.0	inside	    98   130
# 19505 Length: 922
# 19505 Number of predicted TMHs:  0
19505	TMHMM2.0	outside	     1   922
# 19506 Length: 395
# 19506 Number of predicted TMHs:  0
19506	TMHMM2.0	outside	     1   395
# 19507 Length: 693
# 19507 Number of predicted TMHs:  7
19507	TMHMM2.0	outside	     1   316
19507	TMHMM2.0	TMhelix	   317   339
19507	TMHMM2.0	inside	   340   359
19507	TMHMM2.0	TMhelix	   360   382
19507	TMHMM2.0	outside	   383   396
19507	TMHMM2.0	TMhelix	   397   419
19507	TMHMM2.0	inside	   420   439
19507	TMHMM2.0	TMhelix	   440   462
19507	TMHMM2.0	outside	   463   556
19507	TMHMM2.0	TMhelix	   557   579
19507	TMHMM2.0	inside	   580   607
19507	TMHMM2.0	TMhelix	   608   630
19507	TMHMM2.0	outside	   631   644
19507	TMHMM2.0	TMhelix	   645   667
19507	TMHMM2.0	inside	   668   693
# 19508 Length: 519
# 19508 Number of predicted TMHs:  0
19508	TMHMM2.0	outside	     1   519
# 19509 Length: 184
# 19509 Number of predicted TMHs:  0
19509	TMHMM2.0	outside	     1   184
# 19510 Length: 222
# 19510 Number of predicted TMHs:  2
19510	TMHMM2.0	outside	     1     3
19510	TMHMM2.0	TMhelix	     4    26
19510	TMHMM2.0	inside	    27    59
19510	TMHMM2.0	TMhelix	    60    82
19510	TMHMM2.0	outside	    83   222
# 19511 Length: 193
# 19511 Number of predicted TMHs:  0
19511	TMHMM2.0	outside	     1   193
# 19512 Length: 693
# 19512 Number of predicted TMHs:  0
19512	TMHMM2.0	outside	     1   693
# 19513 Length: 384
# 19513 Number of predicted TMHs:  0
19513	TMHMM2.0	outside	     1   384
# 19514 Length: 1263
# 19514 Number of predicted TMHs:  0
19514	TMHMM2.0	outside	     1  1263
# 19515 Length: 117
# 19515 Number of predicted TMHs:  0
19515	TMHMM2.0	outside	     1   117
# 19516 Length: 1049
# 19516 Number of predicted TMHs:  0
19516	TMHMM2.0	outside	     1  1049
# 19517 Length: 224
# 19517 Number of predicted TMHs:  0
19517	TMHMM2.0	outside	     1   224
# 19518 Length: 183
# 19518 Number of predicted TMHs:  0
19518	TMHMM2.0	outside	     1   183
# 19519 Length: 297
# 19519 Number of predicted TMHs:  0
19519	TMHMM2.0	outside	     1   297
# 19520 Length: 926
# 19520 Number of predicted TMHs:  0
19520	TMHMM2.0	outside	     1   926
# 19521 Length: 488
# 19521 Number of predicted TMHs:  0
19521	TMHMM2.0	outside	     1   488
# 19522 Length: 914
# 19522 Number of predicted TMHs:  0
19522	TMHMM2.0	outside	     1   914
# 19523 Length: 458
# 19523 Number of predicted TMHs:  10
19523	TMHMM2.0	inside	     1     6
19523	TMHMM2.0	TMhelix	     7    26
19523	TMHMM2.0	outside	    27    45
19523	TMHMM2.0	TMhelix	    46    68
19523	TMHMM2.0	inside	    69    80
19523	TMHMM2.0	TMhelix	    81   103
19523	TMHMM2.0	outside	   104   134
19523	TMHMM2.0	TMhelix	   135   157
19523	TMHMM2.0	inside	   158   168
19523	TMHMM2.0	TMhelix	   169   191
19523	TMHMM2.0	outside	   192   246
19523	TMHMM2.0	TMhelix	   247   269
19523	TMHMM2.0	inside	   270   281
19523	TMHMM2.0	TMhelix	   282   304
19523	TMHMM2.0	outside	   305   313
19523	TMHMM2.0	TMhelix	   314   333
19523	TMHMM2.0	inside	   334   339
19523	TMHMM2.0	TMhelix	   340   362
19523	TMHMM2.0	outside	   363   419
19523	TMHMM2.0	TMhelix	   420   442
19523	TMHMM2.0	inside	   443   458
# 19524 Length: 339
# 19524 Number of predicted TMHs:  0
19524	TMHMM2.0	outside	     1   339
# 19525 Length: 362
# 19525 Number of predicted TMHs:  0
19525	TMHMM2.0	outside	     1   362
