SEQENCE ID                     TM SP PREDICTION
5329                            0  0 o
5330                            0  0 o
5331                            0  0 o
5332                            0  0 o
5333                            0  0 o
5334                            0  0 o
5335                            0  0 o
5336                            1  0 o6-27i
5337                            1  0 o349-376i
5338                            9  0 o20-43i50-72o78-103i115-138o144-166i232-250o270-290i297-317o323-350i
5339                            0  0 o
5340                            1  0 i80-98o
5341                            0  0 o
5342                            0  0 o
5343                            2  0 o31-52i190-211o
5344                            2  Y n3-13c18/19o324-341i348-368o
5345                            6  0 i19-38o58-78i90-111o211-229i250-275o281-297i
5346                            1  0 o6-27i
5347                            1  0 o12-35i
5348                            6  0 i89-115o121-143i155-174o180-198i214-237o243-265i
5349                            3  0 i300-320o326-346i358-381o
5350                            1  0 o32-50i
5351                            2  0 i182-203o223-247i
5352                            1  0 i292-310o
5353                            7  0 o23-48i60-83o103-125i146-167o187-217i246-270o290-309i
5354                            0  0 o
5355                            0  0 o
5356                            0  0 o
5357                            0  0 o
5358                            0  0 o
5359                            0  0 o
5360                            0  0 o
5361                            0  0 o
5362                            0  0 i
5363                            4  0 i67-88o311-331i338-358o364-380i
5364                            0  0 o
5365                            0  0 i
5366                            0  0 o
5367                            0  0 o
5368                            2  0 o32-51i158-187o
5369                            0  0 o
5370                            1  0 o202-225i
5371                            1  0 o171-189i
5372                            0  0 o
5373                            0  0 o
5374                            1  Y n4-15c27/28o191-213i
5375                            0  0 o
5376                            0  0 o
5377                            0  0 o
5378                            0  0 o
5379                            0  0 o
5380                            0  0 o
5381                            0  0 o
5382                            0  0 o
5383                            7  0 o26-49i61-86o172-189i201-220o240-258i278-296o316-334i
5384                            0  0 o
5385                            7  0 o35-56i68-90o118-139i151-173o201-223i253-279o299-321i
5386                            0  0 o
5387                            0  0 o
5388                            0  0 o
5389                            0  0 o
5390                            0  0 o
5391                            0  0 o
5392                            0  0 o
5393                            0  0 o
5394                            1  0 o221-240i
5395                            0  0 i
5396                            1  0 i127-147o
5397                            0  0 o
5398                            2  0 o15-36i183-204o
5399                            0  0 o
5400                            0  0 o
5401                            1  0 o352-370i
5402                            0  0 o
5403                            0  0 o
5404                            0  0 o
5405                            0  0 o
5406                            3  0 o108-131i189-211o297-323i
5407                            2  0 i201-222o242-262i
5408                            1  Y n4-16c24/25o315-336i
5409                            0  0 o
5410                            0  0 o
5411                            0  0 o
5412                            0  0 o
5413                            7  0 o12-36i48-72o92-118i139-158o178-200i278-305o325-347i
5414                            0  0 o
5415                            1  0 i7-25o
5416                            0  0 o
5417                            0  0 o
5418                            0  0 o
5419                            1  0 o322-349i
5420                            0  0 o
5421                            0  0 o
5422                            0  0 o
5423                            0  0 o
5424                            0  0 o
5425                            0  0 o
5426                            0  0 o
5427                            0  0 o
5428                            1  0 i27-51o
5429                            0  Y n5-20c25/26o
5430                            0  0 o
5431                            0  0 o
5432                            0  0 o
5433                            0  0 o
5434                            0  0 o
5435                            1  0 i115-136o
5436                            0  0 o
5437                            0  0 o
5438                            0  0 o
5439                            0  0 o
5440                            0  0 o
5441                            0  0 o
5442                            3  Y n2-13c21/22o228-246i253-271o291-322i
5443                            0  0 o
5444                            0  0 o
5445                            0  0 o
5446                            3  0 i12-31o37-57i69-88o
5447                            0  0 o
5448                            0  0 o
5449                            1  0 i356-374o
5450                            0  0 o
5451                            2  0 i9-31o167-186i
5452                            0  0 o
5453                            0  0 o
5454                            0  0 o
5455                            1  Y n9-20c25/26o109-131i
5456                            0  0 o
5457                            0  0 o
5458                            0  0 o
5459                            0  Y n11-18c23/24o
5460                            9  0 o37-56i68-88o108-125i159-180o192-211i223-247o253-277i289-310o316-335i
5461                            0  0 o
5462                            0  0 o
5463                            0  0 o
5464                            0  0 o
5465                            0  0 o
5466                            0  Y n6-14c19/20o
5467                            6  0 i38-59o79-98i119-142o234-257i277-305o317-338i
5468                            6  0 o20-42i63-86o98-120i147-167o221-243i279-305o
5469                            5  Y n2-13c20/21o44-69i224-241o247-267i279-300o306-323i
5470                            0  0 o
5471                            0  0 o
5472                            1  0 o344-367i
5473                            0  Y n2-12c17/18o
5474                            0  0 o
5475                            0  0 o
5476                            7  0 i15-38o80-109i141-164o206-235i247-267o295-315i327-350o
5477                            0  0 o
5478                            0  0 o
5479                            0  0 o
5480                            0  0 o
5481                            0  Y n2-9c15/16o
5482                            0  0 o
5483                            2  0 o318-338i350-370o
5484                            0  0 o
5485                            2  0 i303-322o328-350i
5486                            0  Y n4-15c20/21o
5487                            7  0 o69-90i111-132o144-164i185-207o227-257i278-299o319-340i
5488                            0  0 o
5489                            0  0 o
5490                            0  0 o
5491                            3  0 o37-54i66-83o95-115i
5492                            0  0 o
5493                            0  0 o
5494                            0  0 o
5495                            0  0 o
5496                            4  0 i156-173o179-198i219-240o246-268i
5497                            5  0 i142-163o169-193i205-226o232-261i282-303o
5498                            0  0 o
5499                            0  0 o
5500                            3  0 o136-158i196-217o266-286i
5501                            4  0 o50-70i91-109o121-144i318-335o
5502                            0  0 o
5503                            0  0 o
5504                            7  0 o14-37i49-73o108-129i150-171o212-230i251-273o293-321i
5505                            0  0 o
5506                            0  0 o
5507                            0  Y n6-15c20/21o
5508                            0  0 o
5509                            0  0 o
5510                            2  0 i39-58o268-290i
5511                            0  0 o
5512                            1  0 o289-309i
5513                            0  0 o
5514                            3  0 i112-135o155-174i212-234o
5515                            0  0 o
5516                            0  Y n2-10c15/16o
5517                            0  0 o
5518                            2  0 i289-312o324-349i
5519                            4  0 i20-39o102-121i188-209o215-234i
5520                            0  0 o
5521                            0  0 o
5522                            1  0 o327-346i
5523                            1  0 o350-371i
5524                            0  0 o
5525                            0  0 o
5526                            0  0 o
5527                            0  0 o
5528                            0  0 o
5529                            5  0 i131-151o157-179i191-211o223-252i273-291o
5530                            0  0 i
5531                            0  0 o
5532                            0  0 o
5533                            0  0 o
5534                            0  0 i
5535                            0  0 o
5536                            1  0 o333-356i
5537                            0  0 o
5538                            0  0 o
5539                            1  0 o27-46i
5540                            0  0 o
5541                            0  0 o
5542                            0  0 o
5543                            0  0 o
5544                            2  0 i49-69o316-339i
5545                            1  0 o351-370i
5546                            0  0 o
5547                            0  0 o
5548                            0  0 o
5549                            8  0 i12-33o53-76i88-107o113-133i145-169o200-220i267-284o304-324i
5550                            7  0 o32-51i63-85o97-114i119-138o144-162i245-271o291-313i
5551                            1  0 o310-334i
5552                            0  0 o
5553                            0  0 o
5554                            4  0 i124-144o150-174i284-302o308-327i
5555                            0  0 o
5556                            3  0 o6-25i170-192o212-234i
5557                            0  0 o
5558                            0  0 o
5559                            0  0 o
5560                            0  Y n2-15c20/21o
5561                            0  0 o
5562                            0  Y n2-9c13/14o
5563                            4  0 i140-158o178-199i235-256o268-287i
5564                            0  0 o
5565                            2  0 i106-125o220-245i
5566                            0  0 o
5567                            0  0 o
5568                            0  0 o
5569                            0  0 o
5570                            1  0 o335-354i
5571                            1  0 o344-362i
5572                            0  0 o
5573                            0  0 o
5574                            0  0 o
5575                            0  0 o
5576                            0  0 o
5577                            0  0 o
5578                            0  0 o
5579                            0  0 o
5580                            0  0 o
5581                            0  0 o
5582                            0  0 o
5583                            2  0 o75-97i118-145o
5584                            1  0 o20-39i
5585                            0  0 o
5586                            0  0 o
5587                            0  0 o
5588                            0  0 o
5589                            0  0 o
5590                            0  0 o
5591                            1  0 o339-361i
5592                            0  0 o
5593                            0  0 o
5594                            0  0 o
5595                            0  0 o
5596                            2  0 i167-188o200-217i
5597                            4  0 i9-29o35-55i125-148o168-201i
5598                            0  0 o
5599                            8  0 i80-105o111-131i143-164o170-187i227-247o259-281i288-305o343-364i
5600                            7  0 o69-92i104-127o133-160i181-204o224-246i267-294o314-334i
5601                            1  0 i80-98o
5602                            0  0 o
5603                            0  0 o
5604                            0  0 o
5605                            0  0 o
5606                            0  0 o
5607                            0  0 o
5608                            0  0 o
5609                            0  0 o
5610                            1  Y n6-17c22/23o32-50i
5611                            1  0 o288-308i
5612                            6  0 o20-42i54-79o85-106i146-171o191-211i273-295o
5613                            1  0 i7-28o
5614                            7  0 o27-51i63-86o106-127i147-169o201-221i242-266o300-319i
5615                            2  0 o46-67i163-181o
5616                            2  0 i20-42o319-335i
5617                            0  0 o
5618                            6  0 i36-58o70-90i116-140o160-179i200-219o251-269i
5619                            0  0 o
5620                            0  0 o
5621                            2  0 i131-148o154-171i
5622                            0  0 o
5623                            0  0 o
5624                            0  0 o
5625                            0  0 o
5626                            5  0 o42-66i78-97o140-161i192-213o252-273i
5627                            0  0 o
5628                            1  0 o6-28i
5629                            0  0 o
5630                            0  Y n3-10c15/16o
5631                            0  0 o
5632                            2  0 i126-151o179-200i
5633                            4  0 i12-31o51-69i208-230o264-280i
5634                            5  0 o77-95i107-130o159-185i197-221o250-271i
5635                            0  0 o
5636                            2  0 i183-204o216-244i
5637                            0  0 o
5638                            0  0 i
5639                            0  Y n3-11c16/17o
5640                            2  Y n3-13c18/19o28-46i58-80o
5641                            6  Y n2-10c17/18o59-76i173-195o215-232i239-258o264-285i297-320o
5642                            0  0 o
5643                            1  0 o336-352i
5644                            0  0 o
5645                            0  0 o
5646                            0  0 o
5647                            2  0 i68-86o92-113i
5648                            0  0 o
5649                            0  0 o
5650                            7  0 o30-55i67-92o104-127i139-157o222-243i264-285o291-311i
5651                            0  0 o
5652                            1  0 i21-42o
5653                            0  Y n4-12c17/18o
5654                            0  0 i
5655                            0  0 o
5656                            0  0 o
5657                            0  0 o
5658                            1  0 i123-143o
5659                            0  0 o
5660                            2  0 o140-161i247-265o
5661                            2  0 i173-203o223-239i
5662                            2  0 i43-69o93-114i
5663                            3  0 o257-279i286-310o341-362i
5664                            0  0 o
5665                            0  0 o
5666                            1  0 o331-351i
5667                            0  0 o
5668                            1  0 o52-74i
5669                            6  0 i7-30o42-61i73-91o133-162i257-283o295-321i
5670                            5  0 i38-57o77-100i209-225o231-253i329-347o
5671                            0  0 o
5672                            0  0 o
5673                            0  0 o
5674                            0  0 o
5675                            0  0 o
5676                            4  0 o6-27i236-259o279-302i323-343o
5677                            0  0 o
5678                            0  0 o
5679                            0  Y n5-12c17/18o
5680                            0  0 o
5681                            2  0 i181-201o221-240i
5682                            1  0 o333-351i
5683                            0  0 o
5684                            7  0 o14-36i48-68o151-168i180-205o211-234i263-285o305-327i
5685                            0  0 o
5686                            0  0 o
5687                            0  Y n5-16c32/33o
5688                            0  0 o
5689                            0  0 o
5690                            5  0 o20-40i142-160o172-190i197-221o227-246i
5691                            0  0 o
5692                            0  0 o
5693                            0  0 o
5694                            7  0 o49-68i80-98o118-138i150-170o226-250i270-291o297-321i
5695                            0  Y n2-11c16/17o
5696                            0  Y n6-14c22/23o
5697                            7  0 o15-37i49-75o95-117i124-148o183-203i223-251o263-282i
5698                            3  0 o60-80i101-122o134-160i
5699                            0  0 o
5700                            0  0 o
5701                            0  0 o
5702                            7  0 o32-51i72-94o106-127i147-165o193-221i233-255o267-286i
5703                            0  0 o
5704                            0  0 o
5705                            0  0 o
5706                            7  0 o12-38i50-73o110-136i148-168o226-247i267-286o306-327i
5707                            3  0 o20-39i292-317o323-347i
5708                            0  0 o
5709                            7  0 o49-71i83-102o114-137i149-168o196-218i238-258o270-295i
5710                            0  0 o
5711                            3  0 o15-39i51-76o341-358i
5712                            0  0 o
5713                            0  0 o
5714                            0  0 o
5715                            8  0 o42-66i78-102o108-128i135-155o167-191i198-215o283-302i333-358o
5716                            0  0 o
5717                            1  0 o269-291i
5718                            7  0 o28-52i64-86o92-119i139-161o201-223i243-266o278-301i
5719                            4  0 o60-81i121-141o170-201i213-232o
5720                            1  0 o26-46i
5721                            1  0 i273-295o
5722                            0  0 o
5723                            7  0 o22-46i58-81o101-119i140-161o190-215i254-282o302-326i
5724                            0  0 o
5725                            0  0 o
5726                            0  0 i
5727                            0  0 o
5728                            0  0 o
5729                            0  0 o
5730                            0  0 o
5731                            2  Y n5-12c17/18o49-76i108-132o
5732                            0  0 o
5733                            0  0 o
5734                            4  0 i84-101o107-124i136-157o177-198i
5735                            0  0 o
5736                            0  0 o
5737                            0  0 o
5738                            6  0 i42-60o80-101i108-133o139-156i168-190o196-217i
5739                            0  0 o
5740                            1  Y n32-39c49/50o300-320i
5741                            3  Y n2-10c16/17o155-175i234-251o309-329i
5742                            2  0 i125-146o226-248i
5743                            0  0 o
5744                            1  0 i184-204o
5745                            0  0 o
5746                            0  0 o
5747                            0  0 o
5748                            0  Y n5-15c33/34o
5749                            1  0 i243-262o
5750                            0  0 o
5751                            4  0 i32-51o71-89i96-119o139-163i
5752                            7  0 o20-46i58-81o101-122i143-165o185-209i246-269o281-300i
5753                            0  Y n17-28c36/37o
5754                            0  0 o
5755                            0  Y n8-17c22/23o
5756                            7  0 o28-52i64-91o111-134i146-168o204-228i249-272o292-315i
5757                            5  0 o67-85i97-116o128-148i168-187o229-252i
5758                            0  Y n10-20c24/25o
5759                            2  0 i185-203o297-322i
5760                            0  0 o
5761                            0  0 o
5762                            0  0 o
5763                            0  0 o
5764                            0  0 o
5765                            5  0 o44-60i124-143o149-168i180-202o295-315i
5766                            0  0 o
5767                            2  0 i148-165o256-273i
5768                            0  0 o
5769                            0  0 o
5770                            0  0 o
5771                            0  0 o
5772                            0  0 o
5773                            0  0 o
5774                            0  0 o
5775                            0  0 o
5776                            0  0 o
5777                            0  0 o
5778                            2  0 o89-109i267-289o
5779                            1  0 i218-235o
5780                            0  0 o
5781                            0  0 o
5782                            0  0 o
5783                            0  0 o
5784                            8  0 i84-101o121-139i151-175o181-207i219-238o244-267i299-323o339-357i
5785                            0  0 o
5786                            0  0 o
5787                            1  0 o290-314i
5788                            0  0 o
5789                            7  0 o36-60i72-94o114-137i149-167o200-226i250-271o291-314i
5790                            4  0 i45-64o76-98i110-131o214-235i
5791                            0  0 o
5792                            0  0 o
5793                            0  0 o
5794                            0  0 o
5795                            0  0 o
5796                            0  0 o
5797                            0  0 o
5798                            0  Y n5-20c29/30o
5799                            0  0 o
5800                            0  0 o
5801                            0  0 o
5802                            0  0 i
5803                            1  0 i333-353o
5804                            7  0 o12-33i53-74o94-117i129-151o182-209i230-256o276-296i
5805                            0  0 o
5806                            0  0 o
5807                            0  0 o
5808                            0  0 o
5809                            0  0 o
5810                            0  Y n3-14c19/20o
5811                            0  0 o
5812                            0  0 o
5813                            0  0 i
5814                            0  0 o
5815                            2  0 o86-106i247-269o
5816                            0  0 o
5817                            0  Y n6-16c24/25o
5818                            0  0 o
5819                            0  0 i
5820                            0  0 o
5821                            2  0 i299-318o330-348i
5822                            1  0 o328-346i
5823                            0  0 o
5824                            1  0 i7-29o
5825                            3  0 o251-271i306-324o330-350i
5826                            0  0 o
5827                            0  0 o
5828                            0  0 o
5829                            0  0 o
5830                            0  0 o
5831                            4  0 i12-34o54-73i85-103o115-139i
5832                            0  0 o
5833                            1  0 i83-103o
5834                            0  0 o
5835                            0  0 o
5836                            0  0 o
5837                            0  0 o
5838                            0  0 o
5839                            0  0 o
5840                            0  0 o
5841                            0  0 o
5842                            0  0 o
5843                            0  0 o
5844                            0  0 o
5845                            9  0 o6-22i34-52o58-76i97-118o130-147i168-188o200-221i228-252o272-294i
5846                            0  0 o
5847                            0  0 o
5848                            0  0 o
5849                            0  0 o
5850                            0  0 o
5851                            0  0 o
5852                            0  0 o
5853                            7  0 o31-50i59-81o93-112i124-142o162-181i202-225o245-267i
5854                            0  0 o
5855                            0  0 o
5856                            7  0 o6-23i35-55o75-98i110-131o157-187i222-243o263-286i
5857                            0  Y n42-49c67/68o
5858                            0  0 o
5859                            7  0 o20-41i53-72o92-114i126-144o179-200i220-239o251-269i
5860                            0  0 o
5861                            0  0 o
5862                            0  0 o
5863                            0  0 o
5864                            0  0 o
5865                            2  0 i12-36o56-76i
5866                            1  0 i94-113o
5867                            0  0 o
5868                            0  0 o
5869                            0  Y n4-14c22/23o
5870                            0  0 o
5871                            0  0 o
5872                            0  Y n3-14c19/20o
5873                            7  0 o15-37i49-67o87-110i122-142o148-168i175-194o214-239i
5874                            2  0 i251-269o275-300i
5875                            0  0 o
5876                            0  0 o
5877                            1  0 i7-29o
5878                            0  0 o
5879                            0  0 o
5880                            0  0 o
5881                            7  0 o14-36i48-66o116-137i149-171o204-232i253-274o294-322i
5882                            0  0 o
5883                            0  0 o
5884                            0  0 o
5885                            0  0 o
5886                            0  0 o
5887                            0  Y n4-14c19/20o
5888                            0  0 o
5889                            0  0 o
5890                            7  0 o13-36i48-73o93-112i133-156o176-204i216-236o256-275i
5891                            0  0 o
5892                            0  0 o
5893                            2  0 o46-70i241-263o
5894                            0  0 o
5895                            0  0 o
5896                            1  0 o229-249i
5897                            0  0 o
5898                            2  0 o26-45i78-104o
5899                            0  0 o
5900                            0  0 o
5901                            0  0 i
5902                            0  Y n3-14c18/19o
5903                            0  0 o
5904                            7  0 o23-45i57-80o100-125i137-156o182-207i227-250o274-297i
5905                            0  0 o
5906                            0  Y n2-9c13/14o
5907                            0  0 o
5908                            2  0 o23-44i75-94o
5909                            0  0 o
5910                            0  Y n4-12c17/18o
5911                            1  0 o158-180i
5912                            0  0 o
5913                            0  0 o
5914                            0  0 o
5915                            0  0 o
5916                            0  0 o
5917                            0  0 o
5918                            0  0 o
5919                            0  0 o
5920                            0  Y n2-13c18/19o
5921                            0  0 o
5922                            2  0 o43-62i69-92o
5923                            0  0 o
5924                            0  0 o
5925                            3  0 i243-261o287-306i318-337o
5926                            1  0 o193-215i
5927                            0  0 o
5928                            5  0 o104-123i135-162o182-204i225-248o268-287i
5929                            0  0 o
5930                            0  0 o
5931                            0  0 o
5932                            0  0 o
5933                            0  0 o
5934                            0  Y n2-13c21/22o
5935                            0  0 o
5936                            4  0 o20-41i75-93o99-117i161-182o
5937                            2  0 o249-274i295-319o
5938                            3  Y n13-22c26/27o264-288i295-318o324-344i
5939                            4  0 i35-56o94-115i136-158o194-219i
5940                            0  0 o
5941                            0  0 o
5942                            1  0 i326-343o
5943                            2  0 o135-157i276-298o
5944                            0  0 o
5945                            2  0 i293-311o317-344i
5946                            0  0 o
5947                            0  0 o
5948                            7  0 o39-64i76-97o117-139i151-174o194-218i239-259o279-298i
5949                            0  0 o
5950                            0  0 o
5951                            0  0 o
5952                            0  0 o
5953                            0  0 o
5954                            5  0 o6-30i42-63o102-128i160-188o200-220i
5955                            0  0 o
5956                            0  Y n2-12c16/17o
5957                            0  0 o
5958                            0  0 o
5959                            0  0 o
5960                            0  0 o
5961                            0  0 o
5962                            0  0 o
5963                            0  0 o
5964                            0  0 o
5965                            0  0 o
5966                            0  0 o
5967                            0  0 o
5968                            0  0 o
5969                            0  0 o
5970                            0  0 o
5971                            0  0 o
5972                            0  0 o
5973                            0  0 o
5974                            0  0 o
5975                            3  0 i59-84o90-115i127-150o
5976                            0  0 o
5977                            0  0 o
5978                            0  0 o
5979                            0  0 o
5980                            0  0 o
5981                            0  0 o
5982                            0  0 o
5983                            0  0 o
5984                            4  0 o179-197i218-239o251-270i299-320o
5985                            1  Y n11-22c27/28o43-62i
5986                            0  0 o
5987                            0  0 o
5988                            0  0 o
5989                            0  0 o
5990                            0  0 o
5991                            0  0 o
5992                            8  0 i7-31o37-55i62-82o94-111i123-142o188-211i223-246o266-286i
5993                            7  0 o26-49i61-87o107-128i140-159o190-216i228-252o272-290i
5994                            0  0 o
