7238345-scaffold12234_1_size1600_gene_36418Barcelona-scaffold2619_1_size12879_gene_17413Barcelona
7240076-scaffold233_1_size74755_gene_2468Barcelona-scaffold2333_1_size14319_gene_16382Barcelona
7266809-scaffold2162_1_size15386_gene_15616Barcelona-scaffold280_1_size67501_gene_2939Barcelona
7278094-scaffold286_1_size66813_gene_3002Barcelona-scaffold4440_1_size7306_gene_23088Barcelona
7278655-scaffold1646_1_size20145_gene_13097Barcelona-scaffold1646_1_size20145_gene_13098Barcelona
7332929-C4349852_gene_27323Marineland-scaffold3463_1_size9813_gene_20315Barcelona
C4251393_gene_13725Marineland
C4263762_gene_14665Marineland
C4273846_gene_15552Marineland
C4280478_gene_16203Marineland
C4284428_gene_16614Marineland
C4296337_gene_17899Marineland
C4312713_gene_19952Marineland
C4316037_gene_20449Marineland
C4316739_gene_20541Marineland
C4318317_gene_20787Marineland
C4323366_gene_21569Marineland
C4325222_gene_21875Marineland
C4325242_gene_21880Marineland
C4326860_gene_22167Marineland
C4327652_gene_22305Marineland
C4328564_gene_22471Marineland
C4329636_gene_22690Marineland
C4332294_gene_23167Marineland
C4334542_gene_23607Marineland
C4336314_gene_23952Marineland
C4336812_gene_24065Marineland
C4338458_gene_24396Marineland
C4340292_gene_24797Marineland
C4342662_gene_25316Marineland
C4342902_gene_25373Marineland
C4347492_gene_26584Marineland
C4347518_gene_26591Marineland
C4348196_gene_26803Marineland
C4348974_gene_27035Marineland
C4349024_gene_27047Marineland
C4349852_gene_27323Marineland
C4349884_gene_27329Marineland
C4350852_gene_27643Marineland
C4351720_gene_27932Marineland
C4352514_gene_28203Marineland
C4353810_gene_28659Marineland
C4355064_gene_29161Marineland
C4355384_gene_29284Marineland
C4355568_gene_29366Marineland
C4357152_gene_30103Marineland
C4357444_gene_30247Marineland
C4358176_gene_30635Marineland
C4358308_gene_30715Marineland
C4358700_gene_30942Marineland
C4358960_gene_31105Marineland
C4359242_gene_31323Marineland
scaffold00060_gene_118Gainesville
scaffold00065_gene_124Gainesville
scaffold00175_gene_303Gainesville
scaffold00267_gene_466Gainesville
scaffold00320_gene_566Gainesville
scaffold00375_gene_664Gainesville
scaffold00673_gene_1174Gainesville
scaffold00984_gene_1709Gainesville
scaffold00993_gene_1719Gainesville
scaffold01109_gene_1955Gainesville
scaffold01182_gene_2078Gainesville
scaffold01217_gene_2139Gainesville
scaffold01323_gene_2321Gainesville
scaffold01410_gene_2458Gainesville
scaffold01819_gene_3119Gainesville
scaffold01857_gene_3175Gainesville
scaffold02152_gene_3694Gainesville
scaffold02177_gene_3740Gainesville
scaffold02208_gene_3794Gainesville
scaffold02231_gene_3837Gainesville
scaffold02540_gene_4441Gainesville
scaffold02570_gene_4480Gainesville
scaffold02761_gene_4863Gainesville
scaffold03399_gene_5888Gainesville
scaffold03492_gene_6032Gainesville
scaffold03631_gene_6236Gainesville
scaffold03703_gene_6352Gainesville
scaffold03758_gene_6446Gainesville
scaffold03871_gene_6630Gainesville
scaffold03892_gene_6664Gainesville
scaffold03936_gene_6746Gainesville
scaffold03942_gene_6757Gainesville
scaffold03975_gene_6809Gainesville
scaffold04059_gene_6934Gainesville
scaffold04080_gene_6971Gainesville
scaffold04267_gene_7268Gainesville
scaffold04586_gene_7776Gainesville
scaffold04612_gene_7812Gainesville
scaffold04647_gene_7869Gainesville
scaffold04757_gene_8038Gainesville
scaffold04782_gene_8079Gainesville
scaffold05071_gene_8537Gainesville
scaffold05090_gene_8567Gainesville
scaffold05382_gene_9030Gainesville
scaffold05632_gene_9416Gainesville
scaffold05825_gene_9736Gainesville
scaffold1005_1_size30762_gene_9204Barcelona
scaffold1007_1_size30591_gene_9270Barcelona
scaffold1018_1_size30283_gene_9255Barcelona
scaffold1033_1_size29988_gene_9340Barcelona
scaffold10340_1_size2078_gene_33704Barcelona
scaffold10347_1_size2075_gene_33715Barcelona
scaffold1042_1_size29851_gene_9396Barcelona
scaffold10449_1_size2044_gene_33844Barcelona
scaffold1057_1_size29492_gene_9584Barcelona
scaffold1059_1_size29446_gene_9505Barcelona
scaffold1062_1_size29421_gene_9529Barcelona
scaffold10648_1_size1984_gene_34147Barcelona
scaffold1076_1_size29187_gene_9674Barcelona
scaffold10864_1_size1925_gene_34461Barcelona
scaffold1088_1_size28974_gene_9713Barcelona
scaffold1090_1_size28951_gene_9758Barcelona
scaffold1098_1_size28779_gene_9792Barcelona
scaffold11087_1_size1858_gene_34793Barcelona
scaffold1109_1_size28577_gene_9832Barcelona
scaffold1130_1_size28158_gene_10052Barcelona
scaffold1133_1_size28135_gene_9975Barcelona
scaffold1133_1_size28135_gene_9979Barcelona
scaffold1136_1_size28075_gene_10011Barcelona
scaffold1158_1_size27662_gene_10151Barcelona
scaffold11598_1_size1731_gene_35548Barcelona
scaffold1177_1_size27226_gene_10369Barcelona
scaffold1187_1_size27058_gene_10390Barcelona
scaffold1188_1_size27038_gene_10398Barcelona
scaffold11928_1_size1662_gene_36055Barcelona
scaffold1194_1_size26901_gene_10436Barcelona
scaffold12003_1_size1646_gene_36097Barcelona
scaffold1204_1_size26785_gene_10471Barcelona
scaffold1205_1_size26783_gene_10491Barcelona
scaffold12077_1_size1629_gene_36199Barcelona
scaffold120_1_size100461_gene_1417Barcelona
scaffold1211_1_size26638_gene_10512Barcelona
scaffold1213_1_size26550_gene_10528Barcelona
scaffold12160_1_size1616_gene_36315Barcelona
scaffold1227_1_size26349_gene_10596Barcelona
scaffold1245_1_size26120_gene_10721Barcelona
scaffold1247_1_size26098_gene_10764Barcelona
scaffold1255_1_size26029_gene_10851Barcelona
scaffold12993_1_size1461_gene_37438Barcelona
scaffold1300_1_size24889_gene_11101Barcelona
scaffold13084_1_size1449_gene_37563Barcelona
scaffold130_1_size96236_gene_1332Barcelona
scaffold1317_1_size24604_gene_11174Barcelona
scaffold1319_1_size24516_gene_11177Barcelona
scaffold1325_1_size24286_gene_11286Barcelona
scaffold1336_1_size24171_gene_11370Barcelona
scaffold1338_1_size24141_gene_11295Barcelona
scaffold136_1_size94952_gene_1450Barcelona
scaffold136_1_size94952_gene_1454Barcelona
scaffold13704_1_size1358_gene_38364Barcelona
scaffold1373_1_size23536_gene_11627Barcelona
scaffold1382_1_size23388_gene_11685Barcelona
scaffold1391_1_size23276_gene_11668Barcelona
scaffold13927_1_size1330_gene_38679Barcelona
scaffold13945_1_size1329_gene_38709Barcelona
scaffold1398_1_size23183_gene_11722Barcelona
scaffold1399_1_size23171_gene_11738Barcelona
scaffold1403_1_size23126_gene_11762Barcelona
scaffold14148_1_size1300_gene_38967Barcelona
scaffold1417_1_size22966_gene_11853Barcelona
scaffold14210_1_size1294_gene_39047Barcelona
scaffold1430_1_size22852_gene_12041Barcelona
scaffold1442_1_size22675_gene_11998Barcelona
scaffold14577_1_size1251_gene_39496Barcelona
scaffold1476_1_size22229_gene_12251Barcelona
scaffold1484_1_size22137_gene_12273Barcelona
scaffold1492_1_size22020_gene_12342Barcelona
scaffold1537_1_size21413_gene_12676Barcelona
scaffold1570_1_size21076_gene_12712Barcelona
scaffold1580_1_size20948_gene_12774Barcelona
scaffold15910_1_size1106_gene_41086Barcelona
scaffold1592_1_size26055_gene_12829Barcelona
scaffold159_1_size89993_gene_1731Barcelona
scaffold16000_1_size1099_gene_41196Barcelona
scaffold1601_1_size20614_gene_12885Barcelona
scaffold1605_1_size20601_gene_12933Barcelona
scaffold160_1_size89978_gene_1698Barcelona
scaffold1628_1_size20344_gene_13036Barcelona
scaffold1629_1_size20339_gene_13058Barcelona
scaffold162_1_size89761_gene_1816Barcelona
scaffold16396_1_size1060_gene_41674Barcelona
scaffold165_gene_13Marineland
scaffold1667_1_size19877_gene_13242Barcelona
scaffold1670_1_size19860_gene_13290Barcelona
scaffold168_1_size89131_gene_1805Barcelona
scaffold169_1_size88870_gene_1920Barcelona
scaffold1704_1_size19495_gene_13428Barcelona
scaffold17103_1_size999_gene_42468Barcelona
scaffold1729_1_size19224_gene_13536Barcelona
scaffold172_1_size88379_gene_1759Barcelona
scaffold1758_1_size18914_gene_13686Barcelona
scaffold1759_1_size18909_gene_13694Barcelona
scaffold17747_1_size952_gene_43206Barcelona
scaffold177_1_size87218_gene_1883Barcelona
scaffold1786_1_size21710_gene_13838Barcelona
scaffold1790_1_size18546_gene_13832Barcelona
scaffold1806_1_size18368_gene_13929Barcelona
scaffold1822_1_size18224_gene_14014Barcelona
scaffold1839_1_size18018_gene_14170Barcelona
scaffold1844_1_size17974_gene_14129Barcelona
scaffold18804_1_size884_gene_44401Barcelona
scaffold1884_1_size17610_gene_14416Barcelona
scaffold1886_1_size17600_gene_14320Barcelona
scaffold188_1_size83513_gene_1956Barcelona
scaffold18944_1_size875_gene_44564Barcelona
scaffold1900_1_size17461_gene_14361Barcelona
scaffold190_1_size83278_gene_1999Barcelona
scaffold192_1_size83231_gene_2102Barcelona
scaffold19471_1_size845_gene_45127Barcelona
scaffold194_1_size82518_gene_2054Barcelona
scaffold1950_1_size17100_gene_14685Barcelona
scaffold1953_1_size17066_gene_14618Barcelona
scaffold1959_1_size17039_gene_14656Barcelona
scaffold1962_1_size17022_gene_14738Barcelona
scaffold1974_1_size16933_gene_14731Barcelona
scaffold2013_1_size16606_gene_14926Barcelona
scaffold201_1_size81619_gene_2600Barcelona
scaffold2021_1_size16564_gene_14980Barcelona
scaffold204_1_size81308_gene_2145Barcelona
scaffold2050_1_size16323_gene_15157Barcelona
scaffold2051_1_size16315_gene_15088Barcelona
scaffold2054_1_size16305_gene_15116Barcelona
scaffold206_1_size81006_gene_2184Barcelona
scaffold2091_1_size15961_gene_15280Barcelona
scaffold2111_1_size15810_gene_15376Barcelona
scaffold21280_1_size750_gene_47087Barcelona
scaffold213_1_size79380_gene_2319Barcelona
scaffold21666_1_size731_gene_47497Barcelona
scaffold2167_1_size15330_gene_15603Barcelona
scaffold2169_1_size15323_gene_15623Barcelona
scaffold21977_1_size718_gene_47823Barcelona
scaffold2212_1_size15010_gene_15784Barcelona
scaffold2214_1_size15005_gene_15797Barcelona
scaffold2278_1_size14587_gene_16107Barcelona
scaffold2280_1_size14579_gene_16080Barcelona
scaffold2282_1_size14567_gene_16099Barcelona
scaffold22_1_size172074_gene_343Barcelona
scaffold2315_1_size14389_gene_16267Barcelona
scaffold2334_1_size14312_gene_16301Barcelona
scaffold2376_1_size14136_gene_16523Barcelona
scaffold2383_1_size14080_gene_16501Barcelona
scaffold238_1_size73907_gene_2537Barcelona
scaffold24042_1_size638_gene_49925Barcelona
scaffold2414_1_size13965_gene_16641Barcelona
scaffold2452_1_size13761_gene_16772Barcelona
scaffold2454_1_size13754_gene_16790Barcelona
scaffold245_1_size73317_gene_2586Barcelona
scaffold2478_1_size13623_gene_16986Barcelona
scaffold2479_1_size13623_gene_16871Barcelona
scaffold2492_1_size13543_gene_16946Barcelona
scaffold2498_1_size13509_gene_16938Barcelona
scaffold2518_1_size13414_gene_17045Barcelona
scaffold2528_1_size13359_gene_17103Barcelona
scaffold252_1_size71869_gene_2757Barcelona
scaffold2538_1_size13328_gene_17136Barcelona
scaffold253_1_size71419_gene_2674Barcelona
scaffold253_1_size71419_gene_2677Barcelona
scaffold2556_1_size13254_gene_17182Barcelona
scaffold2580_1_size13072_gene_17255Barcelona
scaffold2584_1_size25246_gene_17294Barcelona
scaffold2633_1_size12782_gene_17473Barcelona
scaffold2634_1_size12774_gene_17519Barcelona
scaffold2655_1_size12664_gene_17565Barcelona
scaffold26565_1_size559_gene_52387Barcelona
scaffold2690_1_size12407_gene_17687Barcelona
scaffold269_1_size69314_gene_2889Barcelona
scaffold2715_1_size12323_gene_17797Barcelona
scaffold2715_1_size12323_gene_17799Barcelona
scaffold2736_1_size12211_gene_17871Barcelona
scaffold273_1_size68189_gene_2828Barcelona
scaffold2767_1_size12077_gene_17988Barcelona
scaffold2786_1_size11980_gene_18095Barcelona
scaffold278_1_size67846_gene_2984Barcelona
scaffold2791_1_size11958_gene_18080Barcelona
scaffold2823_1_size11799_gene_18211Barcelona
scaffold2829_1_size11775_gene_18228Barcelona
scaffold285_1_size66915_gene_3127Barcelona
scaffold286_1_size66813_gene_2998Barcelona
scaffold286_1_size66813_gene_2999Barcelona
scaffold2897_1_size11499_gene_18523Barcelona
scaffold289_1_size66591_gene_3052Barcelona
scaffold2921_1_size11367_gene_18693Barcelona
scaffold2930_1_size11339_gene_18619Barcelona
scaffold2934_1_size11332_gene_18636Barcelona
scaffold293_1_size65972_gene_3074Barcelona
scaffold299_1_size65439_gene_3097Barcelona
scaffold299_1_size65439_gene_3098Barcelona
scaffold3023_1_size10987_gene_18948Barcelona
scaffold3039_1_size10955_gene_19020Barcelona
scaffold3040_1_size10949_gene_19013Barcelona
scaffold306_1_size64699_gene_3171Barcelona
scaffold3082_1_size10824_gene_19142Barcelona
scaffold3092_1_size10805_gene_19185Barcelona
scaffold3103_1_size10777_gene_19219Barcelona
scaffold3124_1_size10680_gene_19290Barcelona
scaffold3124_1_size10680_gene_19291Barcelona
scaffold3144_1_size10600_gene_19377Barcelona
scaffold3165_1_size10540_gene_19425Barcelona
scaffold3177_1_size10509_gene_19463Barcelona
scaffold3186_1_size10483_gene_19480Barcelona
scaffold3226_1_size10370_gene_19591Barcelona
scaffold323_1_size62712_gene_3428Barcelona
scaffold3357_1_size10036_gene_19979Barcelona
scaffold3377_1_size9998_gene_20053Barcelona
scaffold338_1_size61550_gene_3568Barcelona
scaffold3410_1_size9926_gene_20187Barcelona
scaffold3416_1_size9906_gene_20269Barcelona
scaffold342_1_size61261_gene_3579Barcelona
scaffold3463_1_size9813_gene_20315Barcelona
scaffold3520_1_size9719_gene_20469Barcelona
scaffold352_1_size60499_gene_3745Barcelona
scaffold3531_1_size9690_gene_20528Barcelona
scaffold3608_1_size9528_gene_20687Barcelona
scaffold3610_1_size9525_gene_20696Barcelona
scaffold3631_1_size9478_gene_20753Barcelona
scaffold3647_1_size9451_gene_20827Barcelona
scaffold3659_1_size9427_gene_20843Barcelona
scaffold3671_1_size9405_gene_20876Barcelona
scaffold3707_1_size9329_gene_21006Barcelona
scaffold3729_1_size9276_gene_21024Barcelona
scaffold3743_1_size9252_gene_21069Barcelona
scaffold3819_1_size9126_gene_21272Barcelona
scaffold3844_1_size9078_gene_21347Barcelona
scaffold3859_1_size9053_gene_21384Barcelona
scaffold3861_1_size9049_gene_21393Barcelona
scaffold3873_1_size9003_gene_21425Barcelona
scaffold3949_1_size8739_gene_21634Barcelona
scaffold3949_1_size8739_gene_21635Barcelona
scaffold394_1_size55565_gene_4100Barcelona
scaffold3972_1_size8665_gene_21711Barcelona
scaffold3988_1_size8608_gene_21779Barcelona
scaffold3994_1_size8565_gene_21777Barcelona
scaffold4052_1_size8392_gene_22000Barcelona
scaffold4054_1_size8383_gene_21951Barcelona
scaffold4096_1_size8217_gene_22082Barcelona
scaffold4099_1_size8213_gene_22118Barcelona
scaffold4114_1_size8182_gene_22135Barcelona
scaffold412_1_size54344_gene_4347Barcelona
scaffold415_1_size54209_gene_4275Barcelona
scaffold4161_1_size8039_gene_22270Barcelona
scaffold4191_1_size7942_gene_22368Barcelona
scaffold4217_1_size7868_gene_22446Barcelona
scaffold4229_1_size7847_gene_22486Barcelona
scaffold425_1_size53703_gene_4407Barcelona
scaffold425_1_size53703_gene_4413Barcelona
scaffold425_1_size53703_gene_4416Barcelona
scaffold4284_1_size7686_gene_22650Barcelona
scaffold428_1_size53673_gene_4494Barcelona
scaffold4303_1_size7642_gene_22732Barcelona
scaffold4328_1_size7574_gene_22773Barcelona
scaffold4330_1_size7571_gene_22775Barcelona
scaffold4339_1_size7545_gene_22795Barcelona
scaffold4344_1_size7538_gene_22812Barcelona
scaffold438_1_size53398_gene_4592Barcelona
scaffold43_1_size140574_gene_450Barcelona
scaffold446_1_size53003_gene_4529Barcelona
scaffold4476_1_size7216_gene_23163Barcelona
scaffold4483_1_size7205_gene_23204Barcelona
scaffold4483_1_size7205_gene_23205Barcelona
scaffold449_1_size52724_gene_4559Barcelona
scaffold450_1_size52699_gene_4576Barcelona
scaffold450_1_size52699_gene_4582Barcelona
scaffold452_1_size52558_gene_4644Barcelona
scaffold4571_1_size7034_gene_23421Barcelona
scaffold457_1_size51974_gene_4684Barcelona
scaffold4587_1_size7001_gene_23457Barcelona
scaffold461_1_size51869_gene_4864Barcelona
scaffold461_1_size51869_gene_4870Barcelona
scaffold461_1_size51869_gene_4871Barcelona
scaffold4651_1_size6849_gene_23617Barcelona
scaffold466_1_size51389_gene_4751Barcelona
scaffold4679_1_size6792_gene_23711Barcelona
scaffold4767_1_size6615_gene_23916Barcelona
scaffold477_1_size50857_gene_4859Barcelona
scaffold480_1_size50664_gene_4910Barcelona
scaffold4827_1_size6494_gene_24069Barcelona
scaffold4852_1_size6464_gene_24119Barcelona
scaffold4872_1_size6432_gene_24188Barcelona
scaffold4901_1_size6397_gene_24307Barcelona
scaffold5038_1_size6205_gene_24591Barcelona
scaffold508_1_size49334_gene_5163Barcelona
scaffold5104_1_size6120_gene_24751Barcelona
scaffold5162_1_size6049_gene_24898Barcelona
scaffold520_1_size48721_gene_5235Barcelona
scaffold521_1_size48672_gene_5280Barcelona
scaffold5227_1_size5982_gene_25032Barcelona
scaffold5284_1_size5922_gene_25150Barcelona
scaffold529_1_size48127_gene_5308Barcelona
scaffold5394_1_size5790_gene_25377Barcelona
scaffold53_1_size134753_gene_590Barcelona
scaffold541_1_size47384_gene_5513Barcelona
scaffold5480_1_size5702_gene_25557Barcelona
scaffold552_1_size53908_gene_5506Barcelona
scaffold55_1_size132990_gene_623Barcelona
scaffold5613_1_size5565_gene_25839Barcelona
scaffold562_1_size46309_gene_5606Barcelona
scaffold5659_1_size5522_gene_25938Barcelona
scaffold5697_1_size5486_gene_26027Barcelona
scaffold569_1_size46072_gene_5731Barcelona
scaffold572_1_size45984_gene_5796Barcelona
scaffold5736_1_size5457_gene_26098Barcelona
scaffold5742_1_size5453_gene_26111Barcelona
scaffold5797_1_size5411_gene_26220Barcelona
scaffold580_1_size45794_gene_5768Barcelona
scaffold5852_1_size5373_gene_26332Barcelona
scaffold588_1_size45393_gene_5882Barcelona
scaffold5998_1_size5271_gene_26650Barcelona
scaffold6046_1_size5241_gene_26745Barcelona
scaffold607_1_size44186_gene_6031Barcelona
scaffold608_1_size44137_gene_6014Barcelona
scaffold6182_1_size5146_gene_26992Barcelona
scaffold622_1_size43792_gene_6253Barcelona
scaffold624_1_size43735_gene_6173Barcelona
scaffold62_1_size130763_gene_730Barcelona
scaffold631_1_size43406_gene_6214Barcelona
scaffold632_1_size43378_gene_6273Barcelona
scaffold639_1_size42999_gene_6261Barcelona
scaffold646_1_size42841_gene_6409Barcelona
scaffold6510_1_size4898_gene_27617Barcelona
scaffold652_1_size42626_gene_6477Barcelona
scaffold661_1_size42445_gene_6481Barcelona
scaffold66_1_size125646_gene_666Barcelona
scaffold672_1_size47459_gene_6632Barcelona
scaffold6786_1_size4715_gene_28092Barcelona
scaffold678_1_size41691_gene_6693Barcelona
scaffold680_1_size41559_gene_6673Barcelona
scaffold6836_1_size4685_gene_28178Barcelona
scaffold6973_1_size4604_gene_28421Barcelona
scaffold7042_1_size4571_gene_28539Barcelona
scaffold7077_1_size4548_gene_28583Barcelona
scaffold708_1_size40350_gene_6915Barcelona
scaffold710_1_size40237_gene_6926Barcelona
scaffold714_1_size39944_gene_6948Barcelona
scaffold719_1_size39852_gene_7005Barcelona
scaffold7216_1_size4352_gene_28831Barcelona
scaffold721_1_size39808_gene_6970Barcelona
scaffold7232_1_size4320_gene_28929Barcelona
scaffold7235_1_size4318_gene_28877Barcelona
scaffold7295_1_size4205_gene_28981Barcelona
scaffold7305_1_size4190_gene_29004Barcelona
scaffold731_1_size39400_gene_7069Barcelona
scaffold731_1_size39400_gene_7070Barcelona
scaffold735_1_size39341_gene_7107Barcelona
scaffold7386_1_size4091_gene_29177Barcelona
scaffold73_1_size118310_gene_775Barcelona
scaffold744_1_size38865_gene_7190Barcelona
scaffold7482_1_size3972_gene_29357Barcelona
scaffold749_1_size38679_gene_7246Barcelona
scaffold755_1_size38457_gene_7358Barcelona
scaffold755_1_size38457_gene_7359Barcelona
scaffold755_1_size38457_gene_7363Barcelona
scaffold7561_1_size3881_gene_29520Barcelona
scaffold756_1_size38372_gene_7302Barcelona
scaffold7583_1_size3843_gene_29608Barcelona
scaffold75_1_size116326_gene_819Barcelona
scaffold762_1_size38106_gene_7352Barcelona
scaffold7644_1_size3767_gene_29646Barcelona
scaffold7663_1_size3744_gene_29682Barcelona
scaffold7719_1_size3689_gene_29811Barcelona
scaffold775_1_size37670_gene_7415Barcelona
scaffold7769_1_size3635_gene_29856Barcelona
scaffold7786_1_size3620_gene_29983Barcelona
scaffold784_1_size37231_gene_7523Barcelona
scaffold7866_1_size3532_gene_30023Barcelona
scaffold786_1_size37179_gene_7529Barcelona
scaffold7885_1_size3521_gene_30052Barcelona
scaffold7938_1_size3472_gene_30139Barcelona
scaffold7939_1_size3472_gene_30285Barcelona
scaffold795_1_size37006_gene_7584Barcelona
scaffold805_1_size36599_gene_7682Barcelona
scaffold8075_1_size3328_gene_30392Barcelona
scaffold826_1_size35801_gene_7887Barcelona
scaffold826_1_size35801_gene_7890Barcelona
scaffold8329_1_size3108_gene_30834Barcelona
scaffold8413_1_size3036_gene_30965Barcelona
scaffold8464_1_size2992_gene_31052Barcelona
scaffold850_1_size34967_gene_8097Barcelona
scaffold855_1_size39432_gene_8082Barcelona
scaffold868_1_size34440_gene_8201Barcelona
scaffold8706_1_size2827_gene_31406Barcelona
scaffold8753_1_size2801_gene_31482Barcelona
scaffold8824_1_size2758_gene_31576Barcelona
scaffold8951_1_size2681_gene_31759Barcelona
scaffold9036_1_size2633_gene_31884Barcelona
scaffold903_1_size33402_gene_8526Barcelona
scaffold9133_1_size2587_gene_32026Barcelona
scaffold9183_1_size2558_gene_32089Barcelona
scaffold9275_1_size2512_gene_32279Barcelona
scaffold9279_1_size2510_gene_32335Barcelona
scaffold92_1_size108100_gene_989Barcelona
scaffold957_1_size31977_gene_8777Barcelona
scaffold960_1_size31897_gene_8850Barcelona
scaffold9692_1_size2317_gene_32790Barcelona
scaffold978_1_size31303_gene_9032Barcelona
scaffold988_1_size31136_gene_9101Barcelona
scaffold9903_1_size2226_gene_33068Barcelona
